Microchip MPLAB XC8 Compiler V3.00

Linker command line:

-W-3 \
  --edf=C:\Program Files\Microchip\xc8\v3.00\pic\dat\20241204225717_en.msgs \
  -cn -h+dist/default/production\lcd16x2_interface.X.production.sym \
  --cmf=dist/default/production\lcd16x2_interface.X.production.cmf -z \
  -Q16F883 -oC:\Users\user\AppData\Local\Temp\xcAsqqk.\driver_tmp_3.o \
  --defsym=__MPLAB_BUILD=1 --fixupoverflow=error \
  -Mdist/default/production/lcd16x2_interface.X.production.map \
  --md=C:\Users\user\AppData\Local\Temp\xcAsqqk.\driver_tmp_0.dat -E1 \
  -ver=XC8 Compiler -ACODE=00h-07FFhx2 -ASTRCODE=00h-0FFFh \
  -ASTRING=00h-0FFhx16 -ACONST=00h-0FFhx16 -AENTRY=00h-0FFhx16 \
  -ACOMMON=070h-07Fh -ABANK0=020h-06Fh -ABANK1=0A0h-0EFh \
  -ABANK2=0120h-016Fh -ARAM=020h-06Fh,0A0h-0EFh,0120h-016Fh \
  -AABS1=020h-07Fh,0A0h-0EFh,0120h-016Fh -ASFR0=00h-01Fh -ASFR1=080h-09Fh \
  -ASFR2=0100h-011Fh -ASFR3=0180h-01EFh -ACONFIG=02007h-02008h -DCONFIG=2 \
  -AIDLOC=02000h-02003h -DIDLOC=2 -AEEDATA=00h-0FFh/02100h \
  -peeprom_data=EEDATA -DEEDATA=2 -DCODE=2 -DSTRCODE=2 -DSTRING=2 -DCONST=2 \
  -DENTRY=2 -preset_vec=00h,intentry,sivt,init,end_init -ppowerup=CODE \
  -pcinit=CODE -pfunctab=ENTRY -k \
  C:\Users\user\AppData\Local\Temp\xcAsqqk.\driver_tmp_12.o \
  dist/default/production\lcd16x2_interface.X.production.o 

Object code version is 3.11

Machine type is 16F883



                Name                               Link     Load   Length Selector   Space Scale
C:\Users\user\AppData\Local\Temp\xcAsqqk.\driver_tmp_12.o
                end_init                              0        0        2        0       0
                config                             2007     2007        2        0       4
dist/default/production\lcd16x2_interface.X.production.o
                cinit                               7ED      7ED       13      FDA       0
                config                             2007     2007        2        0       4
                text7                               691      691        C      D22       0
                text6                               74B      74B       42      E96       0
                text5                               6EB      6EB       30      DD6       0
                text4                               6CE      6CE       1D      D9C       0
                text3                               78D      78D       60      F1A       0
                text2                               6B3      6B3       1B      D66       0
                text1                               69D      69D       16      D3A       0
                maintext                            71B      71B       30      E36       0
                cstackCOMMON                         70       70        D       70       1
                dataBANK0                            20       20        4       20       1
                strings                               2        2       4F        4       0
                idataBANK0                          68D      68D        4      D1A       0

TOTAL           Name                               Link     Load   Length     Space
        CLASS   CODE           
                end_init                              0        0        2         0
                cinit                               7ED      7ED       13         0
                text7                               691      691        C         0
                text6                               74B      74B       42         0
                text5                               6EB      6EB       30         0
                text4                               6CE      6CE       1D         0
                text3                               78D      78D       60         0
                text2                               6B3      6B3       1B         0
                text1                               69D      69D       16         0
                maintext                            71B      71B       30         0
                idataBANK0                          68D      68D        4         0

        CLASS   STRCODE        

        CLASS   STRING         
                strings                               2        2       4F         0

        CLASS   CONST          

        CLASS   ENTRY          

        CLASS   COMMON         
                cstackCOMMON                         70       70        D         1

        CLASS   BANK0          
                dataBANK0                            20       20        4         1

        CLASS   BANK1          

        CLASS   BANK2          

        CLASS   RAM            

        CLASS   ABS1           
                abs_s1                               7E       7E        2         1

        CLASS   SFR0           

        CLASS   SFR1           

        CLASS   SFR2           

        CLASS   SFR3           

        CLASS   CONFIG         
                config                             2007     2007        2         4

        CLASS   IDLOC          

        CLASS   EEDATA         

        CLASS   BANK3          

        CLASS   HEAP           

        CLASS   STACK          



SEGMENTS        Name                           Load    Length   Top    Selector   Space  Class     Delta

                reset_vec                      000000  000002  000002         0       0  CODE        2
                strings                        000002  00004F  000051         4       0  STRING      2
                dataBANK0                      000020  000004  000024        20       1  BANK0       1
                cstackCOMMON                   000070  00000D  00007D        70       1  COMMON      1
                idataBANK0                     00068D  000004  000691       D1A       0  CODE        2
                text7                          000691  00000C  00069D       D22       0  CODE        2
                text1                          00069D  000016  0006B3       D3A       0  CODE        2
                text2                          0006B3  00001B  0006CE       D66       0  CODE        2
                text4                          0006CE  00001D  0006EB       D9C       0  CODE        2
                text5                          0006EB  000030  00071B       DD6       0  CODE        2
                maintext                       00071B  000030  00074B       E36       0  CODE        2
                text6                          00074B  000042  00078D       E96       0  CODE        2
                text3                          00078D  000060  0007ED       F1A       0  CODE        2
                cinit                          0007ED  000013  000800       FDA       0  CODE        2


UNUSED ADDRESS RANGES

        Name                Unused          Largest block    Delta
        BANK0            0024-006F             4C           1
        BANK1            00A0-00EF             50           1
        BANK2            0120-016F             50           1
        CODE             0051-068C            63C           2
                         0800-0FFF            800
        COMMON           007D-007D              1           1
        CONST            0051-068C            100           2
                         0800-0FFF            100
        EEDATA           2100-21FF            100           2
        ENTRY            0051-068C            100           2
                         0800-0FFF            100
        IDLOC            2000-2003              4           2
        RAM              0024-006F             4C           1
                         00A0-00EF             50
                         0120-016F             50
        SFR0             0000-001F             20           1
        SFR1             0080-009F             20           1
        SFR2             0100-011F             20           1
        SFR3             0180-01EF             70           1
        STRCODE          0051-068C            63C           2
                         0800-0FFF            800
        STRING           0051-068C            100           2
                         0800-0FFF            100

                                  Symbol Table

_ANSEL                   (abs)        0188
_ANSELH                  (abs)        0189
_OSCCONbits              (abs)        008F
_PORTB                   (abs)        0006
_PORTBbits               (abs)        0006
_RCSTA                   (abs)        0018
_SSPCONbits              (abs)        0014
_TRISB                   (abs)        0086
_TXSTA                   (abs)        0098
__H__absolute__          __absolute__ 0000
__Habs1                  abs1         0000
__Hbank0                 bank0        0000
__Hbank1                 bank1        0000
__Hbank2                 bank2        0000
__Hbank3                 bank3        0000
__Hcinit                 cinit        0800
__Hclrtext               clrtext      0000
__Hcode                  code         0000
__Hcommon                common       0000
__Hconfig                config       2009
__HcstackCOMMON          cstackCOMMON 0000
__HdataBANK0             dataBANK0    0000
__Heeprom_data           eeprom_data  0000
__Hend_init              end_init     0002
__Hfunctab               functab      0000
__Hheap                  heap         0000
__HidataBANK0            idataBANK0   0000
__Hinit                  init         0000
__Hintentry              intentry     0000
__Hmaintext              maintext     0000
__Hpowerup               powerup      0000
__Hram                   ram          0000
__Hreset_vec             reset_vec    0000
__Hsfr0                  sfr0         0000
__Hsfr1                  sfr1         0000
__Hsfr2                  sfr2         0000
__Hsfr3                  sfr3         0000
__Hsivt                  sivt         0000
__Hspace_0               (abs)        0800
__Hspace_1               (abs)        007D
__Hspace_2               (abs)        0000
__Hspace_3               (abs)        0000
__Hspace_4               (abs)        4010
__Hstack                 stack        0000
__Hstrings               strings      0000
__Htext                  text         0000
__L__absolute__          __absolute__ 0000
__Labs1                  abs1         0000
__Lbank0                 bank0        0000
__Lbank1                 bank1        0000
__Lbank2                 bank2        0000
__Lbank3                 bank3        0000
__Lcinit                 cinit        07ED
__Lclrtext               clrtext      0000
__Lcode                  code         0000
__Lcommon                common       0000
__Lconfig                config       0000
__LcstackCOMMON          cstackCOMMON 0000
__LdataBANK0             dataBANK0    0000
__Leeprom_data           eeprom_data  0000
__Lend_init              end_init     0000
__Lfunctab               functab      0000
__Lheap                  heap         0000
__LidataBANK0            idataBANK0   0000
__Linit                  init         0000
__Lintentry              intentry     0000
__Lmaintext              maintext     0000
__Lpowerup               powerup      0000
__Lram                   ram          0000
__Lreset_vec             reset_vec    0000
__Lsfr0                  sfr0         0000
__Lsfr1                  sfr1         0000
__Lsfr2                  sfr2         0000
__Lsfr3                  sfr3         0000
__Lsivt                  sivt         0000
__Lspace_0               (abs)        0000
__Lspace_1               (abs)        0000
__Lspace_2               (abs)        0000
__Lspace_3               (abs)        0000
__Lspace_4               (abs)        0000
__Lstack                 stack        0000
__Lstrings               strings      0000
__Ltext                  text         0000
__S0                     (abs)        0800
__S1                     (abs)        007D
__S3                     (abs)        0000
___heap_hi               (abs)        0000
___heap_lo               (abs)        0000
___int_sp                stack        0000
___int_stack_hi          stack        0000
___int_stack_lo          stack        0000
___latbits               (abs)        0001
___sp                    stack        0000
___stack_hi              stack        0000
___stack_lo              stack        0000
___stackhi               (abs)        0000
___stacklo               (abs)        0000
__end_of__initialization cinit        07FD
__end_of__stringtab      strings      0008
__end_of_lcd_cmd         text5        071B
__end_of_lcd_data        text2        06CE
__end_of_lcd_goto        text4        06EB
__end_of_lcd_init        text3        07ED
__end_of_lcd_pulse       text7        069D
__end_of_lcd_puts        text1        06B3
__end_of_lcd_send4       text6        078D
__end_of_main            maintext     074B
__initialization         cinit        07ED
__pcstackCOMMON          cstackCOMMON 0070
__pdataBANK0             dataBANK0    0020
__pidataBANK0            idataBANK0   068D
__pmaintext              maintext     071B
__pstrings               strings      0002
__ptext1                 text1        069D
__ptext2                 text2        06B3
__ptext3                 text3        078D
__ptext4                 text4        06CE
__ptext5                 text5        06EB
__ptext6                 text6        074B
__ptext7                 text7        0691
__stringbase             strings      0007
__stringtab              strings      0002
_lcd_cmd                 text5        06EB
_lcd_data                text2        06B3
_lcd_goto                text4        06CE
_lcd_init                text3        078D
_lcd_pulse               text7        0691
_lcd_puts                text1        069D
_lcd_send4               text6        074B
_main                    maintext     071B
btemp                    (abs)        007E
end_of_initialization    cinit        07FD
intlevel0                functab      0000
intlevel1                functab      0000
intlevel2                functab      0000
intlevel3                functab      0000
intlevel4                functab      0000
intlevel5                functab      0000
lcd_cmd@n                cstackCOMMON 0076
lcd_data@n               cstackCOMMON 0075
lcd_goto@F1370           dataBANK0    0020
lcd_goto@col             cstackCOMMON 0077
lcd_goto@row             cstackCOMMON 007C
lcd_goto@row_addr        cstackCOMMON 0078
lcd_puts@s               cstackCOMMON 0076
lcd_send4@n              cstackCOMMON 0073
reset_vec                reset_vec    0000
start                    init         0000
start_initialization     cinit        07ED
wtemp0                   (abs)        007E


MODULE INFORMATION

Module		Function		Class		Link	Load	Size
shared
		__stringtab    		STRING         	0002	0000	6
		__initialization		CODE           	07ED	0000	16

shared estimated size: 22

main.c
		_lcd_send4     		CODE           	074B	0000	66
		_lcd_puts      		CODE           	069D	0000	22
		_lcd_cmd       		CODE           	06EB	0000	48
		_lcd_data      		CODE           	06B3	0000	27
		_main          		CODE           	071B	0000	48
		_lcd_goto      		CODE           	06CE	0000	29
		_lcd_pulse     		CODE           	0691	0000	12
		_lcd_init      		CODE           	078D	0000	96

main.c estimated size: 348

